Sat Aug 15 08:25:12 AM PKT 2026 Watcher started (iface: org.freedesktop.ScreenSaver)
Sat Aug 15 08:32:44 AM PKT 2026 Watcher started (iface: org.freedesktop.ScreenSaver)
Sat Aug 15 08:44:19 AM PKT 2026 Watcher started (iface: org.freedesktop.ScreenSaver)
Sat Aug 15 08:44:19 AM PKT 2026 Watcher started (iface: org.freedesktop.ScreenSaver)
Sat Aug 15 09:05:08 AM PKT 2026 Watcher started (iface: org.freedesktop.ScreenSaver)
Sat Aug 15 09:05:08 AM PKT 2026 Watcher started (iface: org.freedesktop.ScreenSaver)
Sat Aug 15 10:25:54 AM PKT 2026 LOCKED
Sat Aug 15 10:25:54 AM PKT 2026 LOCKED
Sat Aug 15 10:25:55 AM PKT 2026 LOCKED
Sat Aug 15 10:25:55 AM PKT 2026 LOCKED
Sat Aug 15 10:25:56 AM PKT 2026 UNLOCKED
Sat Aug 15 10:25:56 AM PKT 2026 UNLOCKED
Sat Aug 15 10:25:56 AM PKT 2026 UNLOCKED
Sat Aug 15 10:25:56 AM PKT 2026 UNLOCKED
Sat Aug 15 10:30:55 AM PKT 2026 LOCKED
Sat Aug 15 10:30:55 AM PKT 2026 LOCKED
Sat Aug 15 10:30:55 AM PKT 2026 LOCKED
Sat Aug 15 10:30:55 AM PKT 2026 LOCKED
Sat Aug 15 10:31:08 AM PKT 2026 UNLOCKED
Sat Aug 15 10:31:08 AM PKT 2026 UNLOCKED
Sat Aug 15 10:31:08 AM PKT 2026 UNLOCKED
Sat Aug 15 10:31:08 AM PKT 2026 UNLOCKED
Sat Aug 15 11:32:34 AM PKT 2026 LOCKED
Sat Aug 15 11:32:34 AM PKT 2026 LOCKED
Sat Aug 15 11:33:16 AM PKT 2026 LOCKED
Sat Aug 15 11:33:16 AM PKT 2026 LOCKED
Sat Aug 15 11:56:23 AM PKT 2026 UNLOCKED
Sat Aug 15 11:56:23 AM PKT 2026 UNLOCKED
Sat Aug 15 11:56:23 AM PKT 2026 UNLOCKED
Sat Aug 15 11:56:23 AM PKT 2026 UNLOCKED
Sat Aug 15 12:48:31 PM PKT 2026 LOCKED
Sat Aug 15 12:48:31 PM PKT 2026 LOCKED
Sat Aug 15 12:48:33 PM PKT 2026 LOCKED
Sat Aug 15 12:48:33 PM PKT 2026 LOCKED
Sat Aug 15 12:48:38 PM PKT 2026 UNLOCKED
Sat Aug 15 12:48:38 PM PKT 2026 UNLOCKED
Sat Aug 15 12:48:38 PM PKT 2026 UNLOCKED
Sat Aug 15 12:48:38 PM PKT 2026 UNLOCKED
Sat Aug 15 06:48:34 PM PKT 2026 Watcher started (iface: org.freedesktop.ScreenSaver)
Sat Aug 15 06:48:34 PM PKT 2026 Watcher started (iface: org.freedesktop.ScreenSaver)
Sat Aug 15 07:05:10 PM PKT 2026 LOCKED
Sat Aug 15 07:05:10 PM PKT 2026 LOCKED
Sat Aug 15 07:30:58 PM PKT 2026 LOCKED
Sat Aug 15 07:30:58 PM PKT 2026 LOCKED
Sat Aug 15 07:31:30 PM PKT 2026 UNLOCKED
Sat Aug 15 07:31:30 PM PKT 2026 UNLOCKED
Sat Aug 15 07:31:30 PM PKT 2026 UNLOCKED
Sat Aug 15 07:31:30 PM PKT 2026 UNLOCKED
Sat Aug 15 08:21:45 PM PKT 2026 LOCKED
Sat Aug 15 08:21:45 PM PKT 2026 LOCKED
Sat Aug 15 08:23:50 PM PKT 2026 LOCKED
Sat Aug 15 08:23:50 PM PKT 2026 LOCKED
Sat Aug 15 08:24:03 PM PKT 2026 UNLOCKED
Sat Aug 15 08:24:03 PM PKT 2026 UNLOCKED
Sat Aug 15 08:24:03 PM PKT 2026 UNLOCKED
Sat Aug 15 08:24:03 PM PKT 2026 UNLOCKED
Sun Aug 16 11:11:46 AM PKT 2026 Watcher started (iface: org.freedesktop.ScreenSaver)
Sun Aug 16 11:11:46 AM PKT 2026 Watcher started (iface: org.freedesktop.ScreenSaver)
Sun Aug 16 03:04:07 PM PKT 2026 Watcher started (iface: org.freedesktop.ScreenSaver)
